// Jest Snapshot v1, https://goo.gl/fbAQLP

exports[`Account can't withdraw funds in amount: Insufficient funds 1`] = `"received is not a function"`;
